// Jest Snapshot v1, https://goo.gl/fbAQLP

exports[`CertificateManager renders output correctly 1`] = `
Object {
  "Outputs": Object {
    "certificateSubscriptionTopicArn": Object {
      "Value": Object {
        "Ref": "CertificateSubscriptionTopic416ACB99",
      },
    },
  },
  "Parameters": Object {
    "referencetoJohnMyGreatAppCertificateManagerAssetParameters67a2713d64d20eb121a60fd742aa52e95e70ba6b3e2ca98eae7a2b004382af9dS3Bucket540E7416Ref": Object {
      "Type": "String",
    },
    "referencetoJohnMyGreatAppCertificateManagerAssetParameters67a2713d64d20eb121a60fd742aa52e95e70ba6b3e2ca98eae7a2b004382af9dS3VersionKeyDE3C7046Ref": Object {
      "Type": "String",
    },
  },
  "Resources": Object {
    "CertificateManagerLambdaCertificateSubscriptionTopic4E6C3270": Object {
      "Properties": Object {
        "Endpoint": Object {
          "Fn::GetAtt": Array [
            "SingletonLambda59d1148bc1594a58883efd31df31a2d97B5E3F8F",
            "Arn",
          ],
        },
        "Protocol": "lambda",
        "TopicArn": Object {
          "Ref": "CertificateSubscriptionTopic416ACB99",
        },
      },
      "Type": "AWS::SNS::Subscription",
    },
    "CertificateManagerLambdaRole363A1081": Object {
      "Properties": Object {
        "AssumeRolePolicyDocument": Object {
          "Statement": Array [
            Object {
              "Action": "sts:AssumeRole",
              "Effect": "Allow",
              "Principal": Object {
                "Service": "lambda.amazonaws.com",
              },
            },
          ],
          "Version": "2012-10-17",
        },
        "ManagedPolicyArns": Array [
          Object {
            "Fn::Join": Array [
              "",
              Array [
                "arn:",
                Object {
                  "Ref": "AWS::Partition",
                },
                ":iam::aws:policy/service-role/AWSLambdaBasicExecutionRole",
              ],
            ],
          },
        ],
      },
      "Type": "AWS::IAM::Role",
    },
    "CertificateManagerLambdaRoleDefaultPolicy2FD77DAD": Object {
      "Properties": Object {
        "PolicyDocument": Object {
          "Statement": Array [
            Object {
              "Action": Array [
                "acm:RequestCertificate",
                "acm:DescribeCertificate",
                "acm:DeleteCertificate",
                "acm:ListCertificates",
              ],
              "Effect": "Allow",
              "Resource": "*",
            },
            Object {
              "Action": "sts:AssumeRole",
              "Effect": "Allow",
              "Resource": "arn:aws:iam::domain:role/John-MyGreatApp-CrossAccountDomainManagerRole",
            },
          ],
          "Version": "2012-10-17",
        },
        "PolicyName": "CertificateManagerLambdaRoleDefaultPolicy2FD77DAD",
        "Roles": Array [
          Object {
            "Ref": "CertificateManagerLambdaRole363A1081",
          },
        ],
      },
      "Type": "AWS::IAM::Policy",
    },
    "CertificateSubscriptionTopic416ACB99": Object {
      "Properties": Object {
        "DisplayName": "Certificate Subscription Topic",
        "TopicName": "John-MyGreatApp-CertificateSubscriptionTopic",
      },
      "Type": "AWS::SNS::Topic",
    },
    "CertificateSubscriptionTopicPolicyC3EA145B": Object {
      "Properties": Object {
        "PolicyDocument": Object {
          "Statement": Array [
            Object {
              "Action": "sns:Publish",
              "Effect": "Allow",
              "Principal": Object {
                "AWS": Object {
                  "Fn::Join": Array [
                    "",
                    Array [
                      "arn:",
                      Object {
                        "Ref": "AWS::Partition",
                      },
                      ":iam::account1:root",
                    ],
                  ],
                },
              },
              "Resource": Object {
                "Ref": "CertificateSubscriptionTopic416ACB99",
              },
              "Sid": "0",
            },
          ],
          "Version": "2012-10-17",
        },
        "Topics": Array [
          Object {
            "Ref": "CertificateSubscriptionTopic416ACB99",
          },
        ],
      },
      "Type": "AWS::SNS::TopicPolicy",
    },
    "SingletonLambda59d1148bc1594a58883efd31df31a2d97B5E3F8F": Object {
      "DependsOn": Array [
        "CertificateManagerLambdaRoleDefaultPolicy2FD77DAD",
        "CertificateManagerLambdaRole363A1081",
      ],
      "Properties": Object {
        "Code": Object {
          "S3Bucket": Object {
            "Ref": "referencetoJohnMyGreatAppCertificateManagerAssetParameters67a2713d64d20eb121a60fd742aa52e95e70ba6b3e2ca98eae7a2b004382af9dS3Bucket540E7416Ref",
          },
          "S3Key": Object {
            "Fn::Join": Array [
              "",
              Array [
                Object {
                  "Fn::Select": Array [
                    0,
                    Object {
                      "Fn::Split": Array [
                        "||",
                        Object {
                          "Ref": "referencetoJohnMyGreatAppCertificateManagerAssetParameters67a2713d64d20eb121a60fd742aa52e95e70ba6b3e2ca98eae7a2b004382af9dS3VersionKeyDE3C7046Ref",
                        },
                      ],
                    },
                  ],
                },
                Object {
                  "Fn::Select": Array [
                    1,
                    Object {
                      "Fn::Split": Array [
                        "||",
                        Object {
                          "Ref": "referencetoJohnMyGreatAppCertificateManagerAssetParameters67a2713d64d20eb121a60fd742aa52e95e70ba6b3e2ca98eae7a2b004382af9dS3VersionKeyDE3C7046Ref",
                        },
                      ],
                    },
                  ],
                },
              ],
            ],
          },
        },
        "Environment": Object {
          "Variables": Object {
            "HOSTED_ZONE": "Z123456789",
          },
        },
        "Handler": "certificate-manager.handler",
        "Role": Object {
          "Fn::GetAtt": Array [
            "CertificateManagerLambdaRole363A1081",
            "Arn",
          ],
        },
        "Runtime": "nodejs12.x",
        "Timeout": 900,
      },
      "Type": "AWS::Lambda::Function",
    },
    "SingletonLambda59d1148bc1594a58883efd31df31a2d9AllowInvokeJohnMyGreatAppCertificateManagerCertificateManager1CertificateSubscriptionTopicA7B1F978F021ED56": Object {
      "Properties": Object {
        "Action": "lambda:InvokeFunction",
        "FunctionName": Object {
          "Fn::GetAtt": Array [
            "SingletonLambda59d1148bc1594a58883efd31df31a2d97B5E3F8F",
            "Arn",
          ],
        },
        "Principal": "sns.amazonaws.com",
        "SourceArn": Object {
          "Ref": "CertificateSubscriptionTopic416ACB99",
        },
      },
      "Type": "AWS::Lambda::Permission",
    },
  },
}
`;
